// Jest Snapshot v1, https://goo.gl/fbAQLP

exports[`renders correctly 1`] = `
<div
  className="ui container"
>
  <div
    className="ui segment"
  >
    <h2
      className="ui header"
    >
      Hire me!
    </h2>
    <p>
      Let's get in touch! Fill the form:
    </p>
    <form
      className="ui form"
      method="post"
      onSubmit={[Function]}
    >
      <div
        className="field"
      >
        <label
          htmlFor="email"
        >
          Email:
        </label>
        <input
          id="email"
          name="email"
          onChange={[Function]}
          type="email"
        />
      </div>
      <div
        className="field"
      >
        <textarea
          id="message"
          name="message"
          onChange={[Function]}
        />
      </div>
      <button
        className="ui button"
        onClick={[Function]}
        type="submit"
      >
        Hire me!
      </button>
    </form>
  </div>
</div>
`;
